../BSP/SDRAM/w9825g6kh.c:44:32:W9825G6KH_WaitReady	16	static
../BSP/SDRAM/w9825g6kh.c:72:32:W9825G6KH_CheckAddressRange	16	static
../BSP/SDRAM/w9825g6kh.c:136:6:W9825G6KH_PrintModeRegisterDetails	40	static
../BSP/SDRAM/w9825g6kh.c:187:25:W9825G6KH_Init	56	static
../BSP/SDRAM/w9825g6kh.c:330:25:W9825G6KH_DeInit	24	static
../BSP/SDRAM/w9825g6kh.c:352:25:W9825G6KH_SendCommand	16	static
../BSP/SDRAM/w9825g6kh.c:370:25:W9825G6KH_SetModeRegister	32	static
../BSP/SDRAM/w9825g6kh.c:407:25:W9825G6KH_WriteBuffer	32	static,ignoring_inline_asm
../BSP/SDRAM/w9825g6kh.c:443:25:W9825G6KH_ReadBuffer	32	static,ignoring_inline_asm
../BSP/SDRAM/w9825g6kh.c:479:25:W9825G6KH_WriteBuffer16	40	static,ignoring_inline_asm
../BSP/SDRAM/w9825g6kh.c:525:25:W9825G6KH_ReadBuffer16	40	static,ignoring_inline_asm
../BSP/SDRAM/w9825g6kh.c:571:25:W9825G6KH_WriteBuffer32	48	static,ignoring_inline_asm
../BSP/SDRAM/w9825g6kh.c:619:25:W9825G6KH_ReadBuffer32	48	static,ignoring_inline_asm
../BSP/SDRAM/w9825g6kh.c:669:25:W9825G6KH_FillBuffer	32	static,ignoring_inline_asm
../BSP/SDRAM/w9825g6kh.c:700:25:W9825G6KH_FillBuffer16	40	static,ignoring_inline_asm
../BSP/SDRAM/w9825g6kh.c:735:25:W9825G6KH_FillBuffer32	40	static,ignoring_inline_asm
../BSP/SDRAM/w9825g6kh.c:769:25:W9825G6KH_MemoryTest	64	static
../BSP/SDRAM/w9825g6kh.c:872:10:W9825G6KH_CalculateRefreshRate	32	static
../BSP/SDRAM/w9825g6kh.c:890:13:W9825G6KH_StatusToString	16	static
../BSP/SDRAM/w9825g6kh.c:902:25:W9825G6KH_DumpConfig	8	static
../BSP/SDRAM/w9825g6kh.c:927:25:W9825G6KH_SetRefreshRate	16	static
../BSP/SDRAM/w9825g6kh.c:936:25:W9825G6KH_EnterSelfRefresh	24	static
../BSP/SDRAM/w9825g6kh.c:948:25:W9825G6KH_ExitSelfRefresh	24	static
../BSP/SDRAM/w9825g6kh.c:962:25:W9825G6KH_EnterPowerDown	24	static
../BSP/SDRAM/w9825g6kh.c:974:25:W9825G6KH_ExitPowerDown	16	static
../BSP/SDRAM/w9825g6kh.c:983:10:W9825G6KH_GetSize	4	static
../BSP/SDRAM/w9825g6kh.c:988:25:W9825G6KH_CheckAddress	16	static
../BSP/SDRAM/w9825g6kh.c:995:25:W9825G6KH_GetStatus	8	static
../BSP/SDRAM/w9825g6kh.c:1003:25:W9825G6KH_DebugReadModeRegister	16	static
../BSP/SDRAM/w9825g6kh.c:1016:25:W9825G6KH_RunDiagnostics	16	static
